<html>
<body>
<pre>
<h1>µVision Build Log</h1>
<h2>Tool Versions:</h2>
IDE-Version: ¦ÌVision V5.37.0.0
Copyright (C) 2022 ARM Ltd and ARM Germany GmbH. All rights reserved.
License Information: sad 1791024304@qq.com, sda, LIC=EPPLD-8DG5A-79HG1-CNX15-4YUSC-PIVJV
 
Tool Versions:
Toolchain:       MDK-ARM Professional  Version: 5.37.0.0
Toolchain Path:  D:\software\keil5\ARM\ARMCC\Bin
C Compiler:      Armcc.exe V5.06 update 7 (build 960)
Assembler:       Armasm.exe V5.06 update 7 (build 960)
Linker/Locator:  ArmLink.exe V5.06 update 7 (build 960)
Library Manager: ArmAr.exe V5.06 update 7 (build 960)
Hex Converter:   FromElf.exe V5.06 update 7 (build 960)
CPU DLL:         SARMCM3.DLL V5.37.0.0
Dialog DLL:      DCM.DLL V1.17.5.0
Target DLL:      CMSIS_AGDI.dll V1.33.12.0
Dialog DLL:      TCM.DLL V1.56.1.0
 
<h2>Project:</h2>
E:\projects_gitee\graduation\stm32\carMasterRTOS\MDK-ARM\carMasterRTOS.uvprojx
Project File Date:  04/13/2023

<h2>Output:</h2>
*** Using Compiler 'V5.06 update 7 (build 960)', folder: 'D:\software\keil5\ARM\ARMCC\Bin'
Build target 'carMasterRTOS'
compiling nimotion.c...
..\Nimotion\nimotion.c(205): warning:  #177-D: variable "addi"  was declared but never referenced
  	uint8_t addi=0;
..\Nimotion\nimotion.c(474): warning:  #177-D: variable "i"  was declared but never referenced
  	uint32_t i=0;
..\Nimotion\nimotion.c(475): warning:  #177-D: variable "error"  was declared but never referenced
  	uint32_t error=0;//´íÎó×´Ì¬·µ»ØÖµ
..\Nimotion\nimotion.c(847): warning:  #177-D: variable "isPower"  was declared but never referenced
  	static char isPower=0;
..\Nimotion\nimotion.c: 4 warnings, 0 errors
linking...
Program Size: Code=12560 RO-data=1104 RW-data=260 ZI-data=18524  
FromELF: creating hex file...
"carMasterRTOS\carMasterRTOS.axf" - 0 Error(s), 4 Warning(s).

<h2>Software Packages used:</h2>

Package Vendor: ARM
                http://www.keil.com/pack/ARM.CMSIS.5.9.0.pack
                ARM.CMSIS.5.9.0
                CMSIS (Common Microcontroller Software Interface Standard)
   * Component: CORE Version: 5.6.0

Package Vendor: Keil
                http://www.keil.com/pack/Keil.STM32F4xx_DFP.2.15.0.pack
                Keil.STM32F4xx_DFP.2.15.0
                STMicroelectronics STM32F4 Series Device Support, Drivers and Examples

<h2>Collection of Component include folders:</h2>
  ./RTE/_carMasterRTOS
  D:/software/keil5/ARM/Packs/ARM/CMSIS/5.9.0/CMSIS/Core/Include
  D:/software/keil5/ARM/Packs/Keil/STM32F4xx_DFP/2.15.0/Drivers/CMSIS/Device/ST/STM32F4xx/Include

<h2>Collection of Component Files used:</h2>

   * Component: ARM::CMSIS:CORE:5.6.0
      Include file:  CMSIS/Core/Include/tz_context.h
Build Time Elapsed:  00:00:02
</pre>
</body>
</html>
